Copyright 1986-2017 Xilinx, Inc. All Rights Reserved.
------------------------------------------------------------------------------------------
| Tool Version : Vivado v.2017.4 (win64) Build 2086221 Fri Dec 15 20:55:39 MST 2017
| Date         : Wed May 18 18:28:16 2022
| Host         : PHYS-NC3124-D02 running 64-bit major release  (build 9200)
| Command      : report_control_sets -verbose -file top_DelayTest_control_sets_placed.rpt
| Design       : TOP_DelayTest
| Device       : xc7s25
------------------------------------------------------------------------------------------

Control Set Information

Table of Contents
-----------------
1. Summary
2. Flip-Flop Distribution
3. Detailed Control Set Information

1. Summary
----------

+----------------------------------------------------------+-------+
|                          Status                          | Count |
+----------------------------------------------------------+-------+
| Number of unique control sets                            |   162 |
| Unused register locations in slices containing registers |   329 |
+----------------------------------------------------------+-------+


2. Flip-Flop Distribution
-------------------------

+--------------+-----------------------+------------------------+-----------------+--------------+
| Clock Enable | Synchronous Set/Reset | Asynchronous Set/Reset | Total Registers | Total Slices |
+--------------+-----------------------+------------------------+-----------------+--------------+
| No           | No                    | No                     |             927 |          315 |
| No           | No                    | Yes                    |             383 |          129 |
| No           | Yes                   | No                     |             128 |           35 |
| Yes          | No                    | No                     |            2084 |          616 |
| Yes          | No                    | Yes                    |             564 |          167 |
| Yes          | Yes                   | No                     |             489 |          149 |
+--------------+-----------------------+------------------------+-----------------+--------------+


3. Detailed Control Set Information
-----------------------------------

+-------------------------------------------------+-------------------------------------------------------------------------------------------------------------------------------------+----------------------------------------------------------------------------------------------------------------------------------------------------------+------------------+----------------+
|                   Clock Signal                  |                                                            Enable Signal                                                            |                                                                     Set/Reset Signal                                                                     | Slice Load Count | Bel Load Count |
+-------------------------------------------------+-------------------------------------------------------------------------------------------------------------------------------------+----------------------------------------------------------------------------------------------------------------------------------------------------------+------------------+----------------+
|  FTDI_CLK_IBUF_BUFG                             | Inst_ftdi245_cdc/Inst_ftdi245/SEC_SYS/Inst_spi93lc56_16bit/SPI_CS_i_1_n_0                                                           |                                                                                                                                                          |                1 |              1 |
|  FTDI_CLK_IBUF_BUFG                             | Inst_ftdi245_cdc/Inst_ftdi245/T21_out                                                                                               |                                                                                                                                                          |                1 |              1 |
|  mcg/inst/sample_clk                            | power_led_sig                                                                                                                       | pw_led_counter[31]_i_1_n_0                                                                                                                               |                1 |              1 |
|  FTDI_CLK_IBUF_BUFG                             | Inst_ftdi245_cdc/Inst_ftdi245/FTDI_RDN27_out                                                                                        |                                                                                                                                                          |                1 |              1 |
|  FTDI_CLK_IBUF_BUFG                             | Inst_ftdi245_cdc/Inst_ftdi245/FTDI_OEN12_out                                                                                        |                                                                                                                                                          |                1 |              1 |
|  Inst_ftdi245_cdc/Inst_ftdi245/SEC_SYS/CLK_BUFG | Inst_ftdi245_cdc/Inst_ftdi245/SEC_SYS/md5i/state[3]_i_1_n_0                                                                         | Inst_ftdi245_cdc/Inst_ftdi245/SEC_SYS/internal_reset_reg_rep__1_n_0                                                                                      |                1 |              1 |
|  FTDI_CLK_IBUF_BUFG                             | Inst_ftdi245_cdc/Inst_ftdi245/SEC_SYS/Inst_spi93lc56_16bit/SPI_MOSI_i_1_n_0                                                         |                                                                                                                                                          |                1 |              1 |
|  mcg/inst/sample_clk                            |                                                                                                                                     | Inst_ftdi245_cdc/fifo_reset3                                                                                                                             |                1 |              2 |
|  FTDI_CLK_IBUF_BUFG                             |                                                                                                                                     | Inst_ftdi245_cdc/fifo_reset3                                                                                                                             |                1 |              2 |
|  FTDI_CLK_IBUF_BUFG                             |                                                                                                                                     | Inst_ftdi245_cdc/DATAWRITE_FIFO/U0/inst_fifo_gen/gconvfifo.rf/grf.rf/rstblk/rst_d2                                                                       |                1 |              2 |
|  FTDI_CLK_IBUF_BUFG                             |                                                                                                                                     | Inst_ftdi245_cdc/ADDRESS_FIFO/U0/inst_fifo_gen/gconvfifo.rf/grf.rf/rstblk/rst_d2                                                                         |                1 |              3 |
|  mcg/inst/sample_clk                            |                                                                                                                                     | Inst_ftdi245_cdc/DATAWRITE_FIFO/U0/inst_fifo_gen/gconvfifo.rf/grf.rf/rstblk/ngwrdrst.grst.g7serrst.gnsckt_wrst.gic_rst.rst_rd_reg2_inst/arststages_ff[1] |                2 |              3 |
|  Inst_ftdi245_cdc/Inst_ftdi245/SEC_SYS/CLK_BUFG |                                                                                                                                     | Inst_ftdi245_cdc/Inst_ftdi245/SEC_SYS/internal_reset_reg_n_0                                                                                             |                2 |              3 |
|  mcg/inst/sample_clk                            |                                                                                                                                     | Inst_ftdi245_cdc/DATA_READ_FIFO/U0/inst_fifo_gen/gconvfifo.rf/grf.rf/rstblk/AR[0]                                                                        |                2 |              3 |
|  mcg/inst/sample_clk                            |                                                                                                                                     | Inst_ftdi245_cdc/ADDRESS_FIFO/U0/inst_fifo_gen/gconvfifo.rf/grf.rf/rstblk/ngwrdrst.grst.g7serrst.gnsckt_wrst.gic_rst.rst_rd_reg2_inst/arststages_ff[1]   |                1 |              3 |
|  FTDI_CLK_IBUF_BUFG                             |                                                                                                                                     | Inst_ftdi245_cdc/ADDRESS_FIFO/U0/inst_fifo_gen/gconvfifo.rf/grf.rf/rstblk/AR[0]                                                                          |                2 |              3 |
|  FTDI_CLK_IBUF_BUFG                             |                                                                                                                                     | Inst_ftdi245_cdc/DATA_READ_FIFO/U0/inst_fifo_gen/gconvfifo.rf/grf.rf/rstblk/ngwrdrst.grst.g7serrst.gnsckt_wrst.gic_rst.rst_rd_reg2_inst/arststages_ff[1] |                1 |              3 |
|  mcg/inst/sample_clk                            |                                                                                                                                     | Inst_ftdi245_cdc/DATA_READ_FIFO/U0/inst_fifo_gen/gconvfifo.rf/grf.rf/rstblk/rst_d2                                                                       |                1 |              3 |
|  Inst_ftdi245_cdc/Inst_ftdi245/SEC_SYS/CLK_BUFG |                                                                                                                                     |                                                                                                                                                          |                2 |              4 |
|  mcg/inst/sample_clk                            | Inst_scidk_internal_i2c_manager/IIC_data_wr                                                                                         | Inst_scidk_internal_i2c_manager/IIC_data_wr[3]_i_1_n_0                                                                                                   |                1 |              4 |
|  mcg/inst/sample_clk                            | Inst_scidk_internal_i2c_manager/IIC_data_wr                                                                                         |                                                                                                                                                          |                2 |              4 |
|  mcg/inst/sample_clk                            | Inst_scidk_internal_i2c_manager/iic_master/E[0]                                                                                     | U3/AR[0]                                                                                                                                                 |                1 |              4 |
|  mcg/inst/sample_clk                            | Inst_ftdi245_cdc/st_read[3]_i_1_n_0                                                                                                 | Inst_ftdi245_cdc/xpm_cdc_async_rst_inst/arststages_ff[3]                                                                                                 |                2 |              4 |
|  mcg/inst/sample_clk                            | Inst_scidk_internal_i2c_manager/iic_master/FSM_sequential_state[3]_i_1_n_0                                                          |                                                                                                                                                          |                2 |              4 |
|  mcg/inst/sample_clk                            |                                                                                                                                     | Inst_ftdi245_cdc/fifo_reset2                                                                                                                             |                2 |              4 |
|  FTDI_CLK_IBUF_BUFG                             | Inst_ftdi245_cdc/Inst_ftdi245/RTX_read_machine[3]_i_1_n_0                                                                           |                                                                                                                                                          |                3 |              4 |
|  mcg/inst/sample_clk                            |                                                                                                                                     | Inst_ftdi245_cdc/xpm_cdc_async_rst_inst/arststages_ff[3]                                                                                                 |                1 |              4 |
|  mcg/inst/sample_clk                            |                                                                                                                                     | Inst_ftdi245_cdc/xpm_cdc_async_rst_inst/reset_pol                                                                                                        |                1 |              4 |
|  FTDI_CLK_IBUF_BUFG                             |                                                                                                                                     | Inst_ftdi245_cdc/fifo_reset2                                                                                                                             |                2 |              4 |
|  Inst_ftdi245_cdc/Inst_ftdi245/SEC_SYS/CLK_BUFG | Inst_ftdi245_cdc/Inst_ftdi245/SEC_SYS/md5i/state[3]_i_1_n_0                                                                         | Inst_ftdi245_cdc/Inst_ftdi245/SEC_SYS/internal_reset_reg_rep_n_0                                                                                         |                3 |              5 |
|  mcg/inst/sample_clk                            |                                                                                                                                     | U3/AR[0]                                                                                                                                                 |                4 |              6 |
|  mcg/inst/sample_clk                            | U22/ceDEC__0                                                                                                                        |                                                                                                                                                          |                2 |              7 |
|  FTDI_CLK_IBUF_BUFG                             | Inst_ftdi245_cdc/Inst_ftdi245/timeout_reg[14]_i_1_n_0                                                                               |                                                                                                                                                          |                4 |              7 |
|  Inst_ftdi245_cdc/Inst_ftdi245/SEC_SYS/CLK_BUFG | Inst_ftdi245_cdc/Inst_ftdi245/SEC_SYS/DNA_COUNTER[6]_i_1_n_0                                                                        | Inst_ftdi245_cdc/Inst_ftdi245/SEC_SYS/reset_reg_n_0                                                                                                      |                3 |              7 |
|  mcg/inst/sample_clk                            | Inst_scidk_internal_i2c_manager/iic_master/addr_rw0                                                                                 |                                                                                                                                                          |                3 |              8 |
|  FTDI_CLK_IBUF_BUFG                             | Inst_ftdi245_cdc/Inst_ftdi245/cntr_rd_del                                                                                           |                                                                                                                                                          |                5 |              8 |
|  FTDI_CLK_IBUF_BUFG                             | Inst_ftdi245_cdc/Inst_ftdi245/int_FTDI_DOUT[7]_i_1_n_0                                                                              |                                                                                                                                                          |                6 |              8 |
|  FTDI_CLK_IBUF_BUFG                             | Inst_ftdi245_cdc/Inst_ftdi245/timeout_reg[7]_i_1_n_0                                                                                |                                                                                                                                                          |                2 |              8 |
|  FTDI_CLK_IBUF_BUFG                             | Inst_ftdi245_cdc/Inst_ftdi245/SEC_SYS/Inst_spi93lc56_16bit/WRITEWORD                                                                |                                                                                                                                                          |                3 |              8 |
|  FTDI_CLK_IBUF_BUFG                             | Inst_ftdi245_cdc/Inst_ftdi245/LAST_BYTE[7]_i_1_n_0                                                                                  |                                                                                                                                                          |                7 |              8 |
|  FTDI_CLK_IBUF_BUFG                             | Inst_ftdi245_cdc/Inst_ftdi245/SEC_SYS/Inst_spi93lc56_16bit/E[0]                                                                     |                                                                                                                                                          |                3 |              8 |
|  FTDI_CLK_IBUF_BUFG                             |                                                                                                                                     | Inst_ftdi245_cdc/ADDRESS_FIFO/U0/inst_fifo_gen/gconvfifo.rf/grf.rf/rstblk/ngwrdrst.grst.g7serrst.gnsckt_wrst.rst_wr_reg2_inst/arststages_ff[1]           |                2 |              9 |
|  FTDI_CLK_IBUF_BUFG                             |                                                                                                                                     | Inst_ftdi245_cdc/DATAWRITE_FIFO/U0/inst_fifo_gen/gconvfifo.rf/grf.rf/rstblk/ngwrdrst.grst.g7serrst.gnsckt_wrst.rst_wr_reg2_inst/arststages_ff[1]         |                2 |              9 |
|  mcg/inst/sample_clk                            |                                                                                                                                     | Inst_ftdi245_cdc/DATA_READ_FIFO/U0/inst_fifo_gen/gconvfifo.rf/grf.rf/rstblk/ngwrdrst.grst.g7serrst.gnsckt_wrst.rst_wr_reg2_inst/arststages_ff[1]         |                2 |              9 |
|  mcg/inst/sample_clk                            | U22/READ_POSITION[9]_i_1_n_0                                                                                                        |                                                                                                                                                          |                2 |             10 |
|  mcg/inst/sample_clk                            |                                                                                                                                     | Inst_ftdi245_cdc/DATAWRITE_FIFO/U0/inst_fifo_gen/gconvfifo.rf/grf.rf/rstblk/syncstages_ff_reg[0][0]                                                      |                3 |             10 |
|  FTDI_CLK_IBUF_BUFG                             |                                                                                                                                     | Inst_ftdi245_cdc/DATA_READ_FIFO/U0/inst_fifo_gen/gconvfifo.rf/grf.rf/rstblk/syncstages_ff_reg[0][0]                                                      |                3 |             10 |
|  mcg/inst/sample_clk                            |                                                                                                                                     | Inst_ftdi245_cdc/ADDRESS_FIFO/U0/inst_fifo_gen/gconvfifo.rf/grf.rf/rstblk/syncstages_ff_reg[0][0]                                                        |                4 |             10 |
|  mcg/inst/sample_clk                            | U22/ceDEC                                                                                                                           | U22/p_1_in                                                                                                                                               |                4 |             11 |
|  mcg/inst/sample_clk                            |                                                                                                                                     | U11/WP[9]_i_1_n_0                                                                                                                                        |                3 |             11 |
|  mcg/inst/sample_clk                            |                                                                                                                                     | U12/WP[9]_i_2__0_n_0                                                                                                                                     |                3 |             11 |
|  mcg/inst/sample_clk                            |                                                                                                                                     | U23/WP[9]_i_2__1_n_0                                                                                                                                     |                3 |             11 |
|  mcg/inst/sample_clk                            | U12/p_0_in                                                                                                                          |                                                                                                                                                          |                4 |             12 |
|  FTDI_CLK_IBUF_BUFG                             | Inst_ftdi245_cdc/ADDRESS_FIFO/U0/inst_fifo_gen/gconvfifo.rf/grf.rf/gntv_or_sync_fifo.gl0.wr/gwas.wsts/E[0]                          | Inst_ftdi245_cdc/ADDRESS_FIFO/U0/inst_fifo_gen/gconvfifo.rf/grf.rf/rstblk/AR[0]                                                                          |                2 |             12 |
|  FTDI_CLK_IBUF_BUFG                             | Inst_ftdi245_cdc/DATAWRITE_FIFO/U0/inst_fifo_gen/gconvfifo.rf/grf.rf/gntv_or_sync_fifo.gl0.wr/gwas.wsts/E[0]                        | Inst_ftdi245_cdc/DATAWRITE_FIFO/U0/inst_fifo_gen/gconvfifo.rf/grf.rf/rstblk/AR[0]                                                                        |                3 |             12 |
|  mcg/inst/sample_clk                            | Inst_scidk_internal_i2c_manager/loffset[11]_i_1_n_0                                                                                 |                                                                                                                                                          |                5 |             12 |
|  mcg/inst/sample_clk                            | U23/p_0_in                                                                                                                          |                                                                                                                                                          |                3 |             12 |
|  mcg/inst/sample_clk                            | Inst_ftdi245_cdc/DATA_READ_FIFO/U0/inst_fifo_gen/gconvfifo.rf/grf.rf/gntv_or_sync_fifo.gl0.wr/gwas.wsts/E[0]                        | Inst_ftdi245_cdc/DATA_READ_FIFO/U0/inst_fifo_gen/gconvfifo.rf/grf.rf/rstblk/AR[0]                                                                        |                2 |             12 |
|  mcg/inst/sample_clk                            | U23/cGATE0                                                                                                                          | U23/cGATE[15]_i_1_n_0                                                                                                                                    |                4 |             15 |
|  FTDI_CLK_IBUF_BUFG                             | Inst_ftdi245_cdc/Inst_ftdi245/SEC_SYS/Inst_spi93lc56_16bit/EEPROM_SHA_reg[128]                                                      | Inst_ftdi245_cdc/Inst_ftdi245/SEC_SYS/Inst_spi93lc56_16bit/EEPROM_SHA_reg[143]                                                                           |                3 |             16 |
|  FTDI_CLK_IBUF_BUFG                             | Inst_ftdi245_cdc/Inst_ftdi245/SEC_SYS/Inst_spi93lc56_16bit/EEPROM_SHA_reg[0]                                                        | Inst_ftdi245_cdc/Inst_ftdi245/SEC_SYS/Inst_spi93lc56_16bit/EEPROM_SHA_reg[15]_0                                                                          |                3 |             16 |
|  FTDI_CLK_IBUF_BUFG                             | Inst_ftdi245_cdc/Inst_ftdi245/SEC_SYS/Inst_spi93lc56_16bit/EEPROM_SHA_reg[32]                                                       | Inst_ftdi245_cdc/Inst_ftdi245/SEC_SYS/Inst_spi93lc56_16bit/EEPROM_SHA_reg[47]_0                                                                          |                4 |             16 |
|  FTDI_CLK_IBUF_BUFG                             | Inst_ftdi245_cdc/Inst_ftdi245/SEC_SYS/Inst_spi93lc56_16bit/EEPROM_SHA_reg[48]                                                       | Inst_ftdi245_cdc/Inst_ftdi245/SEC_SYS/Inst_spi93lc56_16bit/EEPROM_SHA_reg[63]_0                                                                          |                4 |             16 |
|  FTDI_CLK_IBUF_BUFG                             | Inst_ftdi245_cdc/Inst_ftdi245/SEC_SYS/Inst_spi93lc56_16bit/EEPROM_SHA_reg[176]                                                      | Inst_ftdi245_cdc/Inst_ftdi245/SEC_SYS/Inst_spi93lc56_16bit/EEPROM_SHA_reg[191]                                                                           |                6 |             16 |
|  FTDI_CLK_IBUF_BUFG                             | Inst_ftdi245_cdc/Inst_ftdi245/SEC_SYS/Inst_spi93lc56_16bit/EEPROM_SHA_reg[64]                                                       | Inst_ftdi245_cdc/Inst_ftdi245/SEC_SYS/Inst_spi93lc56_16bit/EEPROM_SHA_reg[79]_0                                                                          |                3 |             16 |
|  FTDI_CLK_IBUF_BUFG                             | Inst_ftdi245_cdc/Inst_ftdi245/SEC_SYS/Inst_spi93lc56_16bit/EEPROM_SHA_reg[80]                                                       | Inst_ftdi245_cdc/Inst_ftdi245/SEC_SYS/Inst_spi93lc56_16bit/EEPROM_SHA_reg[95]_0                                                                          |                3 |             16 |
|  FTDI_CLK_IBUF_BUFG                             | Inst_ftdi245_cdc/Inst_ftdi245/SEC_SYS/Inst_spi93lc56_16bit/EEPROM_SHA_reg[96]                                                       | Inst_ftdi245_cdc/Inst_ftdi245/SEC_SYS/Inst_spi93lc56_16bit/EEPROM_SHA_reg[111]                                                                           |                4 |             16 |
|  FTDI_CLK_IBUF_BUFG                             | Inst_ftdi245_cdc/Inst_ftdi245/SEC_SYS/Inst_spi93lc56_16bit/WRITEWORD                                                                | Inst_ftdi245_cdc/Inst_ftdi245/SEC_SYS/Inst_spi93lc56_16bit/WRITEWORD[26]_i_1_n_0                                                                         |                5 |             16 |
|  FTDI_CLK_IBUF_BUFG                             | Inst_ftdi245_cdc/Inst_ftdi245/SEC_SYS/Inst_spi93lc56_16bit/iEEPROM_DDATARD0                                                         |                                                                                                                                                          |                4 |             16 |
|  FTDI_CLK_IBUF_BUFG                             | Inst_ftdi245_cdc/Inst_ftdi245/SEC_SYS/EEPROM_DATAWR0                                                                                |                                                                                                                                                          |                4 |             16 |
|  FTDI_CLK_IBUF_BUFG                             | Inst_ftdi245_cdc/Inst_ftdi245/SEC_SYS/VERIFICATION_KEY[127]_i_1_n_0                                                                 |                                                                                                                                                          |                4 |             16 |
|  FTDI_CLK_IBUF_BUFG                             | Inst_ftdi245_cdc/Inst_ftdi245/SEC_SYS/VERIFICATION_KEY[15]_i_1_n_0                                                                  |                                                                                                                                                          |                5 |             16 |
|  FTDI_CLK_IBUF_BUFG                             | Inst_ftdi245_cdc/Inst_ftdi245/SEC_SYS/VERIFICATION_KEY[111]_i_1_n_0                                                                 |                                                                                                                                                          |                5 |             16 |
|  FTDI_CLK_IBUF_BUFG                             | Inst_ftdi245_cdc/Inst_ftdi245/SEC_SYS/VERIFICATION_KEY[47]_i_1_n_0                                                                  |                                                                                                                                                          |                5 |             16 |
|  FTDI_CLK_IBUF_BUFG                             | Inst_ftdi245_cdc/Inst_ftdi245/SEC_SYS/VERIFICATION_KEY[63]_i_1_n_0                                                                  |                                                                                                                                                          |                5 |             16 |
|  FTDI_CLK_IBUF_BUFG                             | Inst_ftdi245_cdc/Inst_ftdi245/SEC_SYS/VERIFICATION_KEY[31]_i_1_n_0                                                                  |                                                                                                                                                          |                6 |             16 |
|  FTDI_CLK_IBUF_BUFG                             | Inst_ftdi245_cdc/Inst_ftdi245/SEC_SYS/VERIFICATION_KEY[79]_i_1_n_0                                                                  |                                                                                                                                                          |                5 |             16 |
|  FTDI_CLK_IBUF_BUFG                             | Inst_ftdi245_cdc/Inst_ftdi245/SEC_SYS/iINFO_OPTIONS[15]_i_1_n_0                                                                     |                                                                                                                                                          |                6 |             16 |
|  FTDI_CLK_IBUF_BUFG                             | Inst_ftdi245_cdc/Inst_ftdi245/SEC_SYS/iINFO_OPTIONS[31]_i_1_n_0                                                                     |                                                                                                                                                          |                5 |             16 |
|  FTDI_CLK_IBUF_BUFG                             | Inst_ftdi245_cdc/Inst_ftdi245/SEC_SYS/iINFO_SN[15]_i_1_n_0                                                                          |                                                                                                                                                          |                8 |             16 |
|  FTDI_CLK_IBUF_BUFG                             | Inst_ftdi245_cdc/Inst_ftdi245/SEC_SYS/iINFO_SN[31]_i_1_n_0                                                                          |                                                                                                                                                          |                5 |             16 |
|  FTDI_CLK_IBUF_BUFG                             | Inst_ftdi245_cdc/Inst_ftdi245/SEC_SYS/Inst_spi93lc56_16bit/EEPROM_SHA_reg[16]                                                       | Inst_ftdi245_cdc/Inst_ftdi245/SEC_SYS/Inst_spi93lc56_16bit/EEPROM_SHA_reg[31]_0                                                                          |                3 |             16 |
|  FTDI_CLK_IBUF_BUFG                             | Inst_ftdi245_cdc/Inst_ftdi245/SEC_SYS/VERIFICATION_KEY[95]_i_1_n_0                                                                  |                                                                                                                                                          |                5 |             16 |
|  mcg/inst/sample_clk                            | U23/iDELAY0                                                                                                                         |                                                                                                                                                          |                3 |             16 |
|  mcg/inst/sample_clk                            | U12/cGATE0                                                                                                                          |                                                                                                                                                          |                3 |             16 |
|  mcg/inst/sample_clk                            | U12/iGATE0                                                                                                                          |                                                                                                                                                          |                3 |             16 |
|  mcg/inst/sample_clk                            | U11/iDELAY                                                                                                                          |                                                                                                                                                          |                4 |             16 |
|  FTDI_CLK_IBUF_BUFG                             | Inst_ftdi245_cdc/Inst_ftdi245/SEC_SYS/Inst_spi93lc56_16bit/EEPROM_SHA_reg[112]                                                      | Inst_ftdi245_cdc/Inst_ftdi245/SEC_SYS/Inst_spi93lc56_16bit/EEPROM_SHA_reg[127]                                                                           |                3 |             16 |
|  FTDI_CLK_IBUF_BUFG                             | Inst_ftdi245_cdc/Inst_ftdi245/SEC_SYS/Inst_spi93lc56_16bit/EEPROM_SHA_reg[144]                                                      | Inst_ftdi245_cdc/Inst_ftdi245/SEC_SYS/Inst_spi93lc56_16bit/EEPROM_SHA_reg[159]                                                                           |                3 |             16 |
|  FTDI_CLK_IBUF_BUFG                             | Inst_ftdi245_cdc/Inst_ftdi245/SEC_SYS/Inst_spi93lc56_16bit/EEPROM_SHA_reg[160]                                                      | Inst_ftdi245_cdc/Inst_ftdi245/SEC_SYS/Inst_spi93lc56_16bit/EEPROM_SHA_reg[175]                                                                           |                4 |             16 |
|  mcg/inst/sample_clk                            | U11/iIN[0]_i_1_n_0                                                                                                                  |                                                                                                                                                          |                4 |             18 |
|  FTDI_CLK_IBUF_BUFG                             |                                                                                                                                     | Inst_ftdi245_cdc/Inst_ftdi245/SEC_SYS/reset_reg_n_0                                                                                                      |                8 |             20 |
|  mcg/inst/sample_clk                            | mcg/inst/locked                                                                                                                     |                                                                                                                                                          |                4 |             24 |
|  FTDI_CLK_IBUF_BUFG                             |                                                                                                                                     | Inst_ftdi245_cdc/Inst_ftdi245/WATCHDOG_COUNTER[0]_i_1_n_0                                                                                                |                7 |             26 |
|  FTDI_CLK_IBUF_BUFG                             |                                                                                                                                     | Inst_ftdi245_cdc/Inst_ftdi245/SEC_SYS/Inst_spi93lc56_16bit/iECLK                                                                                         |                9 |             29 |
|  mcg/inst/sample_clk                            |                                                                                                                                     | U19/sec_counter[31]_i_1_n_0                                                                                                                              |                8 |             31 |
|  Inst_ftdi245_cdc/Inst_ftdi245/SEC_SYS/CLK_BUFG | Inst_ftdi245_cdc/Inst_ftdi245/SEC_SYS/md5i/loop_counter_n[30]_i_1_n_0                                                               | Inst_ftdi245_cdc/Inst_ftdi245/SEC_SYS/internal_reset_reg_rep_n_0                                                                                         |                9 |             31 |
|  FTDI_CLK_IBUF_BUFG                             | Inst_ftdi245_cdc/Inst_ftdi245/SEC_SYS/Inst_spi93lc56_16bit/bits0                                                                    | Inst_ftdi245_cdc/Inst_ftdi245/SEC_SYS/bits[31]_i_1__0_n_0                                                                                                |                8 |             31 |
|  FTDI_CLK_IBUF_BUFG                             | Inst_ftdi245_cdc/Inst_ftdi245/SEC_SYS/Inst_spi93lc56_16bit/bits[31]_i_2__0_n_0                                                      | Inst_ftdi245_cdc/Inst_ftdi245/SEC_SYS/Inst_spi93lc56_16bit/bits[31]_i_1_n_0                                                                              |               11 |             31 |
|  mcg/inst/sample_clk                            |                                                                                                                                     | pw_led_counter[31]_i_1_n_0                                                                                                                               |                8 |             31 |
|  FTDI_CLK_IBUF_BUFG                             | Inst_ftdi245_cdc/Inst_ftdi245/int_DATA_WR[31]_i_1_n_0                                                                               |                                                                                                                                                          |                9 |             32 |
|  FTDI_CLK_IBUF_BUFG                             | Inst_ftdi245_cdc/Inst_ftdi245/data_wr[31]_i_1_n_0                                                                                   |                                                                                                                                                          |               12 |             32 |
|  FTDI_CLK_IBUF_BUFG                             | Inst_ftdi245_cdc/Inst_ftdi245/SEC_SYS/startup_delay[0]_i_1_n_0                                                                      |                                                                                                                                                          |                8 |             32 |
|  FTDI_CLK_IBUF_BUFG                             | Inst_ftdi245_cdc/Inst_ftdi245/SEC_SYS/Inst_spi93lc56_16bit/dummytime                                                                |                                                                                                                                                          |               10 |             32 |
|  mcg/inst/sample_clk                            | Inst_ftdi245_cdc/REG_Oscilloscope_0_CONFIG_TRIGGER_MODE_WR[31]_i_1_n_0                                                              |                                                                                                                                                          |                8 |             32 |
|  FTDI_CLK_IBUF_BUFG                             | Inst_ftdi245_cdc/Inst_ftdi245/int_DATA_RD[31]_i_1_n_0                                                                               |                                                                                                                                                          |               14 |             32 |
|  mcg/inst/sample_clk                            | Inst_ftdi245_cdc/REG_pol_WR[31]_i_1_n_0                                                                                             |                                                                                                                                                          |                8 |             32 |
|  Inst_ftdi245_cdc/Inst_ftdi245/SEC_SYS/CLK_BUFG | Inst_ftdi245_cdc/Inst_ftdi245/SEC_SYS/sel                                                                                           | Inst_ftdi245_cdc/Inst_ftdi245/SEC_SYS/reset_reg_n_0                                                                                                      |                8 |             32 |
|  mcg/inst/sample_clk                            | Inst_ftdi245_cdc/REG_thrs_WR[31]_i_1_n_0                                                                                            |                                                                                                                                                          |                7 |             32 |
|  mcg/inst/sample_clk                            | Inst_ftdi245_cdc/REG_Oscilloscope_0_CONFIG_ARM_WR[31]_i_1_n_0                                                                       |                                                                                                                                                          |                7 |             32 |
|  mcg/inst/sample_clk                            | U19/TOTAL_RCOUNTERS[0]_7                                                                                                            |                                                                                                                                                          |                8 |             32 |
|  mcg/inst/sample_clk                            | U19/RUNTIME_COUNTERS[1]_6                                                                                                           | U19/sec_pulse_reg_n_0                                                                                                                                    |                8 |             32 |
|  mcg/inst/sample_clk                            | U19/TOTAL_RCOUNTERS[1]_5                                                                                                            |                                                                                                                                                          |                8 |             32 |
|  mcg/inst/sample_clk                            | U19/RUNTIME_COUNTERS[0]_8                                                                                                           | U19/sec_pulse_reg_n_0                                                                                                                                    |                8 |             32 |
|  mcg/inst/sample_clk                            | Inst_ftdi245_cdc/REG_Oscilloscope_0_CONFIG_TRIGGER_LEVEL_WR[31]_i_1_n_0                                                             |                                                                                                                                                          |                7 |             32 |
|  mcg/inst/sample_clk                            | Inst_ftdi245_cdc/REG_OFFSET_WR[31]_i_1_n_0                                                                                          |                                                                                                                                                          |               18 |             32 |
|  mcg/inst/sample_clk                            | Inst_ftdi245_cdc/REG_Oscilloscope_0_CONFIG_DECIMATOR_WR[31]_i_1_n_0                                                                 |                                                                                                                                                          |                7 |             32 |
|  mcg/inst/sample_clk                            | Inst_ftdi245_cdc/f_BUS_DATA_RD_REG[31]_i_2_n_0                                                                                      | Inst_ftdi245_cdc/f_BUS_DATA_RD_REG[31]_i_1_n_0                                                                                                           |               32 |             32 |
|  FTDI_CLK_IBUF_BUFG                             | Inst_ftdi245_cdc/Inst_ftdi245/timeout_cntr2[0]_i_1_n_0                                                                              |                                                                                                                                                          |                8 |             32 |
|  mcg/inst/sample_clk                            | Inst_scidk_internal_i2c_manager/startup_counter[0]_i_1_n_0                                                                          |                                                                                                                                                          |                8 |             32 |
|  mcg/inst/sample_clk                            | Inst_ftdi245_cdc/REG_FLASH_ADDRESS_WR0                                                                                              |                                                                                                                                                          |                9 |             32 |
|  mcg/inst/sample_clk                            | U2/trigger_kill_counter[31]_i_1_n_0                                                                                                 | U3/AR[0]                                                                                                                                                 |               13 |             32 |
|  mcg/inst/sample_clk                            | U3/trigger_kill_counter[31]_i_1__0_n_0                                                                                              | U3/AR[0]                                                                                                                                                 |                8 |             32 |
|  mcg/inst/sample_clk                            | U22/PRECounter[31]_i_1_n_0                                                                                                          |                                                                                                                                                          |                9 |             32 |
|  FTDI_CLK_IBUF_BUFG                             | Inst_ftdi245_cdc/DATA_READ_FIFO/U0/inst_fifo_gen/gconvfifo.rf/grf.rf/gntv_or_sync_fifo.gl0.rd/gr1.gr1_int.rfwft/E[0]                | Inst_ftdi245_cdc/DATA_READ_FIFO/U0/inst_fifo_gen/gconvfifo.rf/grf.rf/rstblk/syncstages_ff_reg[0][0]                                                      |               12 |             32 |
|  mcg/inst/sample_clk                            | Inst_ftdi245_cdc/DATAWRITE_FIFO/U0/inst_fifo_gen/gconvfifo.rf/grf.rf/gntv_or_sync_fifo.gl0.rd/gr1.gr1_int.rfwft/E[0]                | Inst_ftdi245_cdc/DATAWRITE_FIFO/U0/inst_fifo_gen/gconvfifo.rf/grf.rf/rstblk/syncstages_ff_reg[0][0]                                                      |               11 |             32 |
|  mcg/inst/sample_clk                            | Inst_ftdi245_cdc/REG_gate_WR[31]_i_1_n_0                                                                                            |                                                                                                                                                          |               10 |             32 |
|  mcg/inst/sample_clk                            | Inst_ftdi245_cdc/REG_IO_WR0                                                                                                         |                                                                                                                                                          |                9 |             32 |
|  mcg/inst/sample_clk                            | Inst_ftdi245_cdc/REG_FLASH_CNTR_WR0                                                                                                 |                                                                                                                                                          |                9 |             32 |
|  mcg/inst/sample_clk                            | Inst_ftdi245_cdc/BUS_Oscilloscope_0_WRITE_DATA0                                                                                     |                                                                                                                                                          |                7 |             32 |
|  mcg/inst/sample_clk                            | Inst_ftdi245_cdc/BUS_RateMeter_0_WRITE_DATA0                                                                                        |                                                                                                                                                          |                5 |             32 |
|  mcg/inst/sample_clk                            | Inst_ftdi245_cdc/REG_delay_WR[31]_i_1_n_0                                                                                           |                                                                                                                                                          |                8 |             32 |
|  mcg/inst/sample_clk                            | Inst_ftdi245_cdc/REG_inhibtop_WR[31]_i_1_n_0                                                                                        |                                                                                                                                                          |               11 |             32 |
|  mcg/inst/sample_clk                            | Inst_ftdi245_cdc/REG_trigpol_WR[31]_i_1_n_0                                                                                         |                                                                                                                                                          |                9 |             32 |
|  mcg/inst/sample_clk                            | Inst_ftdi245_cdc/REG_Oscilloscope_0_CONFIG_PRETRIGGER_WR[31]_i_1_n_0                                                                |                                                                                                                                                          |               14 |             32 |
|  mcg/inst/sample_clk                            | Inst_ftdi245_cdc/REG_top_WR[31]_i_1_n_0                                                                                             |                                                                                                                                                          |               11 |             32 |
|  mcg/inst/sample_clk                            | Inst_ftdi245_cdc/REG_inhib_WR[31]_i_1_n_0                                                                                           |                                                                                                                                                          |                9 |             32 |
|  mcg/inst/sample_clk                            | Inst_ftdi245_cdc/ADDRESS_FIFO/U0/inst_fifo_gen/gconvfifo.rf/grf.rf/gntv_or_sync_fifo.gl0.rd/gr1.gr1_int.rfwft/E[0]                  | Inst_ftdi245_cdc/ADDRESS_FIFO/U0/inst_fifo_gen/gconvfifo.rf/grf.rf/rstblk/syncstages_ff_reg[0][0]                                                        |               14 |             34 |
|  Inst_ftdi245_cdc/Inst_ftdi245/SEC_SYS/CLK_BUFG |                                                                                                                                     | Inst_ftdi245_cdc/Inst_ftdi245/SEC_SYS/internal_reset_reg_rep_n_0                                                                                         |                9 |             35 |
|  Inst_ftdi245_cdc/Inst_ftdi245/SEC_SYS/CLK_BUFG | Inst_ftdi245_cdc/Inst_ftdi245/SEC_SYS/md5i/B_n[31]_i_1_n_0                                                                          | Inst_ftdi245_cdc/Inst_ftdi245/SEC_SYS/internal_reset_reg_rep_n_0                                                                                         |               11 |             35 |
|  Inst_ftdi245_cdc/Inst_ftdi245/SEC_SYS/CLK_BUFG | Inst_ftdi245_cdc/Inst_ftdi245/SEC_SYS/md5i/F[31]_i_1_n_0                                                                            | Inst_ftdi245_cdc/Inst_ftdi245/SEC_SYS/internal_reset_reg_n_0                                                                                             |               10 |             36 |
|  FTDI_CLK_IBUF_BUFG                             | Inst_ftdi245_cdc/DATA_READ_FIFO/U0/inst_fifo_gen/gconvfifo.rf/grf.rf/gntv_or_sync_fifo.gl0.rd/gr1.gr1_int.rfwft/gc0.count_reg[0][0] | Inst_ftdi245_cdc/DATA_READ_FIFO/U0/inst_fifo_gen/gconvfifo.rf/grf.rf/rstblk/syncstages_ff_reg[0][0]                                                      |               10 |             40 |
|  mcg/inst/sample_clk                            | Inst_ftdi245_cdc/DATAWRITE_FIFO/U0/inst_fifo_gen/gconvfifo.rf/grf.rf/gntv_or_sync_fifo.gl0.rd/gr1.gr1_int.rfwft/gc0.count_reg[0][0] | Inst_ftdi245_cdc/DATAWRITE_FIFO/U0/inst_fifo_gen/gconvfifo.rf/grf.rf/rstblk/syncstages_ff_reg[0][0]                                                      |                8 |             40 |
|  mcg/inst/sample_clk                            | Inst_ftdi245_cdc/ADDRESS_FIFO/U0/inst_fifo_gen/gconvfifo.rf/grf.rf/gntv_or_sync_fifo.gl0.rd/gr1.gr1_int.rfwft/gc0.count_reg[0][0]   | Inst_ftdi245_cdc/ADDRESS_FIFO/U0/inst_fifo_gen/gconvfifo.rf/grf.rf/rstblk/syncstages_ff_reg[0][0]                                                        |               12 |             42 |
|  Inst_ftdi245_cdc/Inst_ftdi245/SEC_SYS/CLK_BUFG | Inst_ftdi245_cdc/Inst_ftdi245/SEC_SYS/md5i/B_n[31]_i_1_n_0                                                                          | Inst_ftdi245_cdc/Inst_ftdi245/SEC_SYS/internal_reset_reg_rep__0_n_0                                                                                      |               12 |             45 |
|  FTDI_CLK_IBUF_BUFG                             | Inst_ftdi245_cdc/ADDRESS_FIFO/U0/inst_fifo_gen/gconvfifo.rf/grf.rf/gntv_or_sync_fifo.gl0.wr/gwas.wsts/E[0]                          |                                                                                                                                                          |                6 |             48 |
|  FTDI_CLK_IBUF_BUFG                             | Inst_ftdi245_cdc/DATAWRITE_FIFO/U0/inst_fifo_gen/gconvfifo.rf/grf.rf/gntv_or_sync_fifo.gl0.wr/gwas.wsts/E[0]                        |                                                                                                                                                          |                6 |             48 |
|  Inst_ftdi245_cdc/Inst_ftdi245/SEC_SYS/CLK_BUFG | Inst_ftdi245_cdc/Inst_ftdi245/SEC_SYS/md5i/B_n[31]_i_1_n_0                                                                          | Inst_ftdi245_cdc/Inst_ftdi245/SEC_SYS/internal_reset_reg_rep__1_n_0                                                                                      |               13 |             48 |
|  mcg/inst/sample_clk                            | Inst_ftdi245_cdc/DATA_READ_FIFO/U0/inst_fifo_gen/gconvfifo.rf/grf.rf/gntv_or_sync_fifo.gl0.wr/gwas.wsts/E[0]                        |                                                                                                                                                          |                6 |             48 |
|  Inst_ftdi245_cdc/Inst_ftdi245/SEC_SYS/CLK_BUFG |                                                                                                                                     | Inst_ftdi245_cdc/Inst_ftdi245/SEC_SYS/internal_reset_reg_rep__1_n_0                                                                                      |               17 |             59 |
|  Inst_ftdi245_cdc/Inst_ftdi245/SEC_SYS/CLK_BUFG |                                                                                                                                     | Inst_ftdi245_cdc/Inst_ftdi245/SEC_SYS/internal_reset_reg_rep__0_n_0                                                                                      |               18 |             63 |
|  Inst_ftdi245_cdc/Inst_ftdi245/SEC_SYS/CLK_BUFG | Inst_ftdi245_cdc/Inst_ftdi245/SEC_SYS/lDNA_CODE0                                                                                    |                                                                                                                                                          |               20 |             64 |
|  mcg/inst/sample_clk                            | U22/ceDEC                                                                                                                           |                                                                                                                                                          |               21 |             64 |
|  FTDI_CLK_IBUF_BUFG                             | Inst_ftdi245_cdc/Inst_ftdi245/timeout_cntr[31]_i_1_n_0                                                                              |                                                                                                                                                          |               22 |             65 |
|  Inst_ftdi245_cdc/Inst_ftdi245/SEC_SYS/CLK_BUFG |                                                                                                                                     | Inst_ftdi245_cdc/Inst_ftdi245/SEC_SYS/reset_reg_n_0                                                                                                      |               30 |             75 |
|  Inst_ftdi245_cdc/Inst_ftdi245/SEC_SYS/CLK_BUFG | Inst_ftdi245_cdc/Inst_ftdi245/SEC_SYS/md5i/M[128]_i_1_n_0                                                                           | Inst_ftdi245_cdc/Inst_ftdi245/SEC_SYS/md5i/M[0]_i_1_n_0                                                                                                  |               23 |             88 |
|  Inst_ftdi245_cdc/Inst_ftdi245/SEC_SYS/CLK_BUFG | Inst_ftdi245_cdc/Inst_ftdi245/SEC_SYS/md5_input0                                                                                    |                                                                                                                                                          |               33 |            128 |
|  mcg/inst/sample_clk                            | U19/sec_pulse_reg_n_0                                                                                                               |                                                                                                                                                          |               40 |            128 |
|  Inst_ftdi245_cdc/Inst_ftdi245/SEC_SYS/CLK_BUFG | Inst_ftdi245_cdc/Inst_ftdi245/SEC_SYS/md5i/data_out[127]_i_1_n_0                                                                    |                                                                                                                                                          |               34 |            128 |
|  Inst_ftdi245_cdc/Inst_ftdi245/SEC_SYS/CLK_BUFG | Inst_ftdi245_cdc/Inst_ftdi245/SEC_SYS/md5i/M[128]_i_1_n_0                                                                           |                                                                                                                                                          |               27 |            128 |
|  FTDI_CLK_IBUF_BUFG                             |                                                                                                                                     |                                                                                                                                                          |              140 |            247 |
|  mcg/inst/sample_clk                            |                                                                                                                                     |                                                                                                                                                          |              173 |            676 |
+-------------------------------------------------+-------------------------------------------------------------------------------------------------------------------------------------+----------------------------------------------------------------------------------------------------------------------------------------------------------+------------------+----------------+


+--------+-----------------------+
| Fanout | Number of ControlSets |
+--------+-----------------------+
| 1      |                     7 |
| 2      |                     3 |
| 3      |                     8 |
| 4      |                    11 |
| 5      |                     1 |
| 6      |                     1 |
| 7      |                     3 |
| 8      |                     7 |
| 9      |                     3 |
| 10     |                     4 |
| 11     |                     4 |
| 12     |                     6 |
| 15     |                     1 |
| 16+    |                   103 |
+--------+-----------------------+


